Archive member included to satisfy reference by file (symbol)

c:/program files (x86)/atmel/studio/7.0/toolchain/avr8/avr8-gnu-toolchain/bin/../lib/gcc/avr/5.4.0/../../../../avr/lib/avr51\libm.a(addsf3.o)
                              main.o (__addsf3)
c:/program files (x86)/atmel/studio/7.0/toolchain/avr8/avr8-gnu-toolchain/bin/../lib/gcc/avr/5.4.0/../../../../avr/lib/avr51\libm.a(addsf3x.o)
                              c:/program files (x86)/atmel/studio/7.0/toolchain/avr8/avr8-gnu-toolchain/bin/../lib/gcc/avr/5.4.0/../../../../avr/lib/avr51\libm.a(addsf3.o) (__addsf3x)
c:/program files (x86)/atmel/studio/7.0/toolchain/avr8/avr8-gnu-toolchain/bin/../lib/gcc/avr/5.4.0/../../../../avr/lib/avr51\libm.a(fixsfsi.o)
                              main.o (__fixsfsi)
c:/program files (x86)/atmel/studio/7.0/toolchain/avr8/avr8-gnu-toolchain/bin/../lib/gcc/avr/5.4.0/../../../../avr/lib/avr51\libm.a(fixunssfsi.o)
                              c:/program files (x86)/atmel/studio/7.0/toolchain/avr8/avr8-gnu-toolchain/bin/../lib/gcc/avr/5.4.0/../../../../avr/lib/avr51\libm.a(fixsfsi.o) (__fixunssfsi)
c:/program files (x86)/atmel/studio/7.0/toolchain/avr8/avr8-gnu-toolchain/bin/../lib/gcc/avr/5.4.0/../../../../avr/lib/avr51\libm.a(floatsisf.o)
                              main.o (__floatsisf)
c:/program files (x86)/atmel/studio/7.0/toolchain/avr8/avr8-gnu-toolchain/bin/../lib/gcc/avr/5.4.0/../../../../avr/lib/avr51\libm.a(fp_inf.o)
                              c:/program files (x86)/atmel/studio/7.0/toolchain/avr8/avr8-gnu-toolchain/bin/../lib/gcc/avr/5.4.0/../../../../avr/lib/avr51\libm.a(addsf3x.o) (__fp_inf)
c:/program files (x86)/atmel/studio/7.0/toolchain/avr8/avr8-gnu-toolchain/bin/../lib/gcc/avr/5.4.0/../../../../avr/lib/avr51\libm.a(fp_nan.o)
                              c:/program files (x86)/atmel/studio/7.0/toolchain/avr8/avr8-gnu-toolchain/bin/../lib/gcc/avr/5.4.0/../../../../avr/lib/avr51\libm.a(addsf3x.o) (__fp_nan)
c:/program files (x86)/atmel/studio/7.0/toolchain/avr8/avr8-gnu-toolchain/bin/../lib/gcc/avr/5.4.0/../../../../avr/lib/avr51\libm.a(fp_pscA.o)
                              c:/program files (x86)/atmel/studio/7.0/toolchain/avr8/avr8-gnu-toolchain/bin/../lib/gcc/avr/5.4.0/../../../../avr/lib/avr51\libm.a(addsf3x.o) (__fp_pscA)
c:/program files (x86)/atmel/studio/7.0/toolchain/avr8/avr8-gnu-toolchain/bin/../lib/gcc/avr/5.4.0/../../../../avr/lib/avr51\libm.a(fp_pscB.o)
                              c:/program files (x86)/atmel/studio/7.0/toolchain/avr8/avr8-gnu-toolchain/bin/../lib/gcc/avr/5.4.0/../../../../avr/lib/avr51\libm.a(addsf3x.o) (__fp_pscB)
c:/program files (x86)/atmel/studio/7.0/toolchain/avr8/avr8-gnu-toolchain/bin/../lib/gcc/avr/5.4.0/../../../../avr/lib/avr51\libm.a(fp_round.o)
                              c:/program files (x86)/atmel/studio/7.0/toolchain/avr8/avr8-gnu-toolchain/bin/../lib/gcc/avr/5.4.0/../../../../avr/lib/avr51\libm.a(addsf3.o) (__fp_round)
c:/program files (x86)/atmel/studio/7.0/toolchain/avr8/avr8-gnu-toolchain/bin/../lib/gcc/avr/5.4.0/../../../../avr/lib/avr51\libm.a(fp_split3.o)
                              c:/program files (x86)/atmel/studio/7.0/toolchain/avr8/avr8-gnu-toolchain/bin/../lib/gcc/avr/5.4.0/../../../../avr/lib/avr51\libm.a(addsf3x.o) (__fp_split3)
c:/program files (x86)/atmel/studio/7.0/toolchain/avr8/avr8-gnu-toolchain/bin/../lib/gcc/avr/5.4.0/../../../../avr/lib/avr51\libm.a(fp_zero.o)
                              c:/program files (x86)/atmel/studio/7.0/toolchain/avr8/avr8-gnu-toolchain/bin/../lib/gcc/avr/5.4.0/../../../../avr/lib/avr51\libm.a(addsf3x.o) (__fp_zero)
c:/program files (x86)/atmel/studio/7.0/toolchain/avr8/avr8-gnu-toolchain/bin/../lib/gcc/avr/5.4.0/../../../../avr/lib/avr51\libm.a(mulsf3.o)
                              main.o (__mulsf3)
c:/program files (x86)/atmel/studio/7.0/toolchain/avr8/avr8-gnu-toolchain/bin/../lib/gcc/avr/5.4.0/../../../../avr/lib/avr51\libm.a(mulsf3x.o)
                              c:/program files (x86)/atmel/studio/7.0/toolchain/avr8/avr8-gnu-toolchain/bin/../lib/gcc/avr/5.4.0/../../../../avr/lib/avr51\libm.a(mulsf3.o) (__mulsf3x)
c:/program files (x86)/atmel/studio/7.0/toolchain/avr8/avr8-gnu-toolchain/bin/../lib/gcc/avr/5.4.0/avr51\libgcc.a(_udivmodhi4.o)
                              FreeRTOS/queue.o (__udivmodhi4)
c:/program files (x86)/atmel/studio/7.0/toolchain/avr8/avr8-gnu-toolchain/bin/../lib/gcc/avr/5.4.0/avr51\libgcc.a(_udivmodsi4.o)
                              HAL/Ultrasonic/ultrasonic.o (__udivmodsi4)
c:/program files (x86)/atmel/studio/7.0/toolchain/avr8/avr8-gnu-toolchain/bin/../lib/gcc/avr/5.4.0/avr51\libgcc.a(_exit.o)
                              c:/program files (x86)/atmel/studio/7.0/toolchain/avr8/avr8-gnu-toolchain/bin/../lib/gcc/avr/5.4.0/../../../../avr/lib/avr51/crtatmega128.o (exit)
c:/program files (x86)/atmel/studio/7.0/toolchain/avr8/avr8-gnu-toolchain/bin/../lib/gcc/avr/5.4.0/avr51\libgcc.a(_tablejump2.o)
                              MCAL/DIO/DIO_Program.o (__tablejump2__)
c:/program files (x86)/atmel/studio/7.0/toolchain/avr8/avr8-gnu-toolchain/bin/../lib/gcc/avr/5.4.0/avr51\libgcc.a(_copy_data.o)
                              FreeRTOS/tasks.o (__do_copy_data)
c:/program files (x86)/atmel/studio/7.0/toolchain/avr8/avr8-gnu-toolchain/bin/../lib/gcc/avr/5.4.0/avr51\libgcc.a(_clear_bss.o)
                              FreeRTOS/heap_1.o (__do_clear_bss)
c:/program files (x86)/atmel/studio/7.0/toolchain/avr8/avr8-gnu-toolchain/bin/../lib/gcc/avr/5.4.0/avr51\libgcc.a(_umulhisi3.o)
                              MCAL/T0/TMR0_Program.o (__umulhisi3)
c:/program files (x86)/atmel/studio/7.0/toolchain/avr8/avr8-gnu-toolchain/bin/../lib/gcc/avr/5.4.0/../../../../avr/lib/avr51\libc.a(memcpy.o)
                              FreeRTOS/queue.o (memcpy)

Allocating common symbols
Common symbol       size              file

callBack            0x2               MCAL/ICU/icu.o
g_u8ReceiveBuffer   0x1               MCAL/UART0/UART0_program.o
Flag                0x1               main.o

Discarded input sections

 .data          0x00000000        0x0 c:/program files (x86)/atmel/studio/7.0/toolchain/avr8/avr8-gnu-toolchain/bin/../lib/gcc/avr/5.4.0/../../../../avr/lib/avr51/crtatmega128.o
 .bss           0x00000000        0x0 c:/program files (x86)/atmel/studio/7.0/toolchain/avr8/avr8-gnu-toolchain/bin/../lib/gcc/avr/5.4.0/../../../../avr/lib/avr51/crtatmega128.o
 .text          0x00000000        0x0 FreeRTOS/croutine.o
 .data          0x00000000        0x0 FreeRTOS/croutine.o
 .bss           0x00000000        0x0 FreeRTOS/croutine.o
 .debug_info    0x00000000       0x64 FreeRTOS/croutine.o
 .debug_abbrev  0x00000000       0x26 FreeRTOS/croutine.o
 .debug_aranges
                0x00000000       0x18 FreeRTOS/croutine.o
 .debug_line    0x00000000       0x1a FreeRTOS/croutine.o
 .debug_str     0x00000000      0x169 FreeRTOS/croutine.o
 .comment       0x00000000       0x31 FreeRTOS/croutine.o
 .text          0x00000000        0x0 FreeRTOS/event_groups.o
 .data          0x00000000        0x0 FreeRTOS/event_groups.o
 .bss           0x00000000        0x0 FreeRTOS/event_groups.o
 .text.prvTestWaitCondition
                0x00000000       0x26 FreeRTOS/event_groups.o
 .text.xEventGroupCreate
                0x00000000       0x26 FreeRTOS/event_groups.o
 .text.xEventGroupWaitBits
                0x00000000       0xe4 FreeRTOS/event_groups.o
 .text.xEventGroupClearBits
                0x00000000       0x1e FreeRTOS/event_groups.o
 .text.xEventGroupGetBitsFromISR
                0x00000000        0x8 FreeRTOS/event_groups.o
 .text.xEventGroupSetBits
                0x00000000       0xc8 FreeRTOS/event_groups.o
 .text.xEventGroupSync
                0x00000000       0xd6 FreeRTOS/event_groups.o
 .text.vEventGroupDelete
                0x00000000       0x2e FreeRTOS/event_groups.o
 .text.vEventGroupSetBitsCallback
                0x00000000        0x8 FreeRTOS/event_groups.o
 .text.vEventGroupClearBitsCallback
                0x00000000        0x8 FreeRTOS/event_groups.o
 .debug_info    0x00000000      0x8db FreeRTOS/event_groups.o
 .debug_abbrev  0x00000000      0x1dc FreeRTOS/event_groups.o
 .debug_loc     0x00000000      0xb41 FreeRTOS/event_groups.o
 .debug_aranges
                0x00000000       0x68 FreeRTOS/event_groups.o
 .debug_ranges  0x00000000       0x70 FreeRTOS/event_groups.o
 .debug_line    0x00000000      0x403 FreeRTOS/event_groups.o
 .debug_str     0x00000000      0x57d FreeRTOS/event_groups.o
 .comment       0x00000000       0x31 FreeRTOS/event_groups.o
 .debug_frame   0x00000000      0x15c FreeRTOS/event_groups.o
 .text          0x00000000        0x0 FreeRTOS/heap_1.o
 .data          0x00000000        0x0 FreeRTOS/heap_1.o
 .bss           0x00000000        0x0 FreeRTOS/heap_1.o
 .text.vPortInitialiseBlocks
                0x00000000        0xa FreeRTOS/heap_1.o
 .text.xPortGetFreeHeapSize
                0x00000000       0x12 FreeRTOS/heap_1.o
 .text          0x00000000        0x0 FreeRTOS/list.o
 .data          0x00000000        0x0 FreeRTOS/list.o
 .bss           0x00000000        0x0 FreeRTOS/list.o
 .text.vListInsertEnd
                0x00000000       0x42 FreeRTOS/list.o
 .text          0x00000000        0x0 FreeRTOS/port.o
 .data          0x00000000        0x0 FreeRTOS/port.o
 .bss           0x00000000        0x0 FreeRTOS/port.o
 .text.vPortEndScheduler
                0x00000000        0x2 FreeRTOS/port.o
 .text.vPortYieldFromTick
                0x00000000       0xb8 FreeRTOS/port.o
 .text          0x00000000        0x0 FreeRTOS/queue.o
 .data          0x00000000        0x0 FreeRTOS/queue.o
 .bss           0x00000000        0x0 FreeRTOS/queue.o
 .text.prvIsQueueEmpty
                0x00000000       0x1a FreeRTOS/queue.o
 .text.prvIsQueueFull
                0x00000000       0x1c FreeRTOS/queue.o
 .text.prvCopyDataToQueue
                0x00000000       0x92 FreeRTOS/queue.o
 .text.prvCopyDataFromQueue
                0x00000000       0x34 FreeRTOS/queue.o
 .text.prvUnlockQueue
                0x00000000       0x68 FreeRTOS/queue.o
 .text.xQueueGenericReset
                0x00000000       0xb8 FreeRTOS/queue.o
 .text.prvInitialiseNewQueue
                0x00000000       0x26 FreeRTOS/queue.o
 .text.xQueueGenericCreate
                0x00000000       0x82 FreeRTOS/queue.o
 .text.xQueueGenericSend
                0x00000000      0x114 FreeRTOS/queue.o
 .text.xQueueGenericSendFromISR
                0x00000000       0x84 FreeRTOS/queue.o
 .text.xQueueGiveFromISR
                0x00000000       0x70 FreeRTOS/queue.o
 .text.xQueueReceive
                0x00000000      0x118 FreeRTOS/queue.o
 .text.xQueueSemaphoreTake
                0x00000000      0x100 FreeRTOS/queue.o
 .text.xQueuePeek
                0x00000000      0x11c FreeRTOS/queue.o
 .text.xQueueReceiveFromISR
                0x00000000       0x7a FreeRTOS/queue.o
 .text.xQueuePeekFromISR
                0x00000000       0x2e FreeRTOS/queue.o
 .text.uxQueueMessagesWaiting
                0x00000000       0x10 FreeRTOS/queue.o
 .text.uxQueueSpacesAvailable
                0x00000000       0x16 FreeRTOS/queue.o
 .text.uxQueueMessagesWaitingFromISR
                0x00000000        0x6 FreeRTOS/queue.o
 .text.vQueueDelete
                0x00000000        0x6 FreeRTOS/queue.o
 .text.xQueueIsQueueEmptyFromISR
                0x00000000       0x10 FreeRTOS/queue.o
 .text.xQueueIsQueueFullFromISR
                0x00000000       0x12 FreeRTOS/queue.o
 .debug_info    0x00000000     0x14be FreeRTOS/queue.o
 .debug_abbrev  0x00000000      0x227 FreeRTOS/queue.o
 .debug_loc     0x00000000     0x18bf FreeRTOS/queue.o
 .debug_aranges
                0x00000000       0xc8 FreeRTOS/queue.o
 .debug_ranges  0x00000000      0x100 FreeRTOS/queue.o
 .debug_line    0x00000000      0xa82 FreeRTOS/queue.o
 .debug_str     0x00000000      0x790 FreeRTOS/queue.o
 .comment       0x00000000       0x31 FreeRTOS/queue.o
 .debug_frame   0x00000000      0x2fc FreeRTOS/queue.o
 .text          0x00000000        0x0 FreeRTOS/stream_buffer.o
 .data          0x00000000        0x0 FreeRTOS/stream_buffer.o
 .bss           0x00000000        0x0 FreeRTOS/stream_buffer.o
 .text.prvBytesInBuffer
                0x00000000       0x26 FreeRTOS/stream_buffer.o
 .text.prvInitialiseNewStreamBuffer
                0x00000000       0x20 FreeRTOS/stream_buffer.o
 .text.prvWriteBytesToBuffer
                0x00000000       0x88 FreeRTOS/stream_buffer.o
 .text.prvWriteMessageToBuffer
                0x00000000       0x8e FreeRTOS/stream_buffer.o
 .text.prvReadBytesFromBuffer
                0x00000000       0x88 FreeRTOS/stream_buffer.o
 .text.prvReadMessageFromBuffer
                0x00000000       0x90 FreeRTOS/stream_buffer.o
 .text.xStreamBufferGenericCreate
                0x00000000       0x80 FreeRTOS/stream_buffer.o
 .text.vStreamBufferDelete
                0x00000000       0x1a FreeRTOS/stream_buffer.o
 .text.xStreamBufferReset
                0x00000000       0x56 FreeRTOS/stream_buffer.o
 .text.xStreamBufferSetTriggerLevel
                0x00000000       0x22 FreeRTOS/stream_buffer.o
 .text.xStreamBufferSpacesAvailable
                0x00000000       0x34 FreeRTOS/stream_buffer.o
 .text.xStreamBufferBytesAvailable
                0x00000000        0x6 FreeRTOS/stream_buffer.o
 .text.xStreamBufferSend
                0x00000000      0x174 FreeRTOS/stream_buffer.o
 .text.xStreamBufferSendFromISR
                0x00000000       0x8e FreeRTOS/stream_buffer.o
 .text.xStreamBufferReceive
                0x00000000      0x102 FreeRTOS/stream_buffer.o
 .text.xStreamBufferNextMessageLengthBytes
                0x00000000       0x54 FreeRTOS/stream_buffer.o
 .text.xStreamBufferReceiveFromISR
                0x00000000       0x8a FreeRTOS/stream_buffer.o
 .text.xStreamBufferIsEmpty
                0x00000000       0x18 FreeRTOS/stream_buffer.o
 .text.xStreamBufferIsFull
                0x00000000       0x2c FreeRTOS/stream_buffer.o
 .text.xStreamBufferSendCompletedFromISR
                0x00000000       0x4c FreeRTOS/stream_buffer.o
 .text.xStreamBufferReceiveCompletedFromISR
                0x00000000       0x4c FreeRTOS/stream_buffer.o
 .debug_info    0x00000000     0x1376 FreeRTOS/stream_buffer.o
 .debug_abbrev  0x00000000      0x200 FreeRTOS/stream_buffer.o
 .debug_loc     0x00000000     0x1c9f FreeRTOS/stream_buffer.o
 .debug_aranges
                0x00000000       0xc0 FreeRTOS/stream_buffer.o
 .debug_ranges  0x00000000       0xb0 FreeRTOS/stream_buffer.o
 .debug_line    0x00000000      0x77c FreeRTOS/stream_buffer.o
 .debug_str     0x00000000      0x820 FreeRTOS/stream_buffer.o
 .comment       0x00000000       0x31 FreeRTOS/stream_buffer.o
 .debug_frame   0x00000000      0x41c FreeRTOS/stream_buffer.o
 .text          0x00000000        0x0 FreeRTOS/tasks.o
 .data          0x00000000        0x0 FreeRTOS/tasks.o
 .bss           0x00000000        0x0 FreeRTOS/tasks.o
 .text.vTaskDelete
                0x00000000       0xb0 FreeRTOS/tasks.o
 .text.vTaskEndScheduler
                0x00000000        0xc FreeRTOS/tasks.o
 .text.xTaskGetTickCountFromISR
                0x00000000        0xa FreeRTOS/tasks.o
 .text.uxTaskGetNumberOfTasks
                0x00000000        0x6 FreeRTOS/tasks.o
 .text.pcTaskGetName
                0x00000000       0x10 FreeRTOS/tasks.o
 .text.xTaskCatchUpTicks
                0x00000000       0x32 FreeRTOS/tasks.o
 .text.vTaskPlaceOnEventList
                0x00000000       0x24 FreeRTOS/tasks.o
 .text.vTaskPlaceOnUnorderedEventList
                0x00000000       0x8c FreeRTOS/tasks.o
 .text.xTaskRemoveFromEventList
                0x00000000      0x17a FreeRTOS/tasks.o
 .text.vTaskRemoveFromUnorderedEventList
                0x00000000      0x14c FreeRTOS/tasks.o
 .text.vTaskSetTimeOutState
                0x00000000       0x20 FreeRTOS/tasks.o
 .text.vTaskInternalSetTimeOutState
                0x00000000       0x16 FreeRTOS/tasks.o
 .text.xTaskCheckForTimeOut
                0x00000000       0x64 FreeRTOS/tasks.o
 .text.vTaskMissedYield
                0x00000000        0x8 FreeRTOS/tasks.o
 .text.xTaskGetCurrentTaskHandle
                0x00000000        0xa FreeRTOS/tasks.o
 .text.uxTaskResetEventItemValue
                0x00000000       0x2e FreeRTOS/tasks.o
 .text.xTaskGenericNotifyWait
                0x00000000      0x142 FreeRTOS/tasks.o
 .text.xTaskGenericNotify
                0x00000000      0x1fa FreeRTOS/tasks.o
 .text.xTaskGenericNotifyFromISR
                0x00000000      0x260 FreeRTOS/tasks.o
 .text.xTaskGenericNotifyStateClear
                0x00000000       0x34 FreeRTOS/tasks.o
 .text.ulTaskGenericNotifyValueClear
                0x00000000       0x6c FreeRTOS/tasks.o
 .text          0x00000000        0x0 FreeRTOS/timers.o
 .data          0x00000000        0x0 FreeRTOS/timers.o
 .bss           0x00000000        0x0 FreeRTOS/timers.o
 .debug_info    0x00000000       0x64 FreeRTOS/timers.o
 .debug_abbrev  0x00000000       0x26 FreeRTOS/timers.o
 .debug_aranges
                0x00000000       0x18 FreeRTOS/timers.o
 .debug_line    0x00000000       0x1a FreeRTOS/timers.o
 .debug_str     0x00000000      0x167 FreeRTOS/timers.o
 .comment       0x00000000       0x31 FreeRTOS/timers.o
 .text          0x00000000        0x0 HAL/L298N/L298N_Program.o
 .data          0x00000000        0x0 HAL/L298N/L298N_Program.o
 .bss           0x00000000        0x0 HAL/L298N/L298N_Program.o
 .text.DCM_CH2_voidInit
                0x00000000       0x1e HAL/L298N/L298N_Program.o
 .text.DCM_CH2_voidSetMotorState
                0x00000000       0x5c HAL/L298N/L298N_Program.o
 .text          0x00000000        0x0 HAL/Ultrasonic/ultrasonic.o
 .data          0x00000000        0x0 HAL/Ultrasonic/ultrasonic.o
 .bss           0x00000000        0x0 HAL/Ultrasonic/ultrasonic.o
 .text          0x00000000        0x0 main.o
 .data          0x00000000        0x0 main.o
 .bss           0x00000000        0x0 main.o
 .data.SetPoint_Speed
                0x00000000        0x1 main.o
 .text          0x00000000        0x0 MCAL/DIO/DIO_Program.o
 .data          0x00000000        0x0 MCAL/DIO/DIO_Program.o
 .bss           0x00000000        0x0 MCAL/DIO/DIO_Program.o
 .text.Dio_FlipChannel
                0x00000000       0xde MCAL/DIO/DIO_Program.o
 .progmem.gcc_sw_table.Dio_FlipChannel
                0x00000000        0xe MCAL/DIO/DIO_Program.o
 .text.Dio_SetPortDirection
                0x00000000       0x3c MCAL/DIO/DIO_Program.o
 .progmem.gcc_sw_table.Dio_SetPortDirection
                0x00000000        0xe MCAL/DIO/DIO_Program.o
 .text.Dio_WritePort
                0x00000000       0x3c MCAL/DIO/DIO_Program.o
 .progmem.gcc_sw_table.Dio_WritePort
                0x00000000        0xe MCAL/DIO/DIO_Program.o
 .text          0x00000000        0x0 MCAL/ICU/icu.o
 .data          0x00000000        0x0 MCAL/ICU/icu.o
 .bss           0x00000000        0x0 MCAL/ICU/icu.o
 .text.Icu_DeInit
                0x00000000       0x24 MCAL/ICU/icu.o
 .text          0x00000000        0x0 MCAL/T0/TMR0_Program.o
 .data          0x00000000        0x0 MCAL/T0/TMR0_Program.o
 .bss           0x00000000        0x0 MCAL/T0/TMR0_Program.o
 .text.TMR0_voidSetCallBackOVF
                0x00000000        0xe MCAL/T0/TMR0_Program.o
 .text.TMR0_voidSetCallBackCTC
                0x00000000        0xe MCAL/T0/TMR0_Program.o
 .text.TMR0_voidSetCompareMatchvalue
                0x00000000        0x4 MCAL/T0/TMR0_Program.o
 .text.TMR0_voidSetDelay_ms_usingCTC
                0x00000000        0xe MCAL/T0/TMR0_Program.o
 .text          0x00000000        0x0 MCAL/TC2/TMR2_Program.o
 .data          0x00000000        0x0 MCAL/TC2/TMR2_Program.o
 .bss           0x00000000        0x0 MCAL/TC2/TMR2_Program.o
 .text.TMR2_voidInit
                0x00000000       0x10 MCAL/TC2/TMR2_Program.o
 .text.TMR2_voidStart
                0x00000000        0xa MCAL/TC2/TMR2_Program.o
 .text.TMR2_voidStop
                0x00000000        0x8 MCAL/TC2/TMR2_Program.o
 .text.TMR2_voidSetCallBackOVF
                0x00000000        0xe MCAL/TC2/TMR2_Program.o
 .text.TMR2_voidSetCallBackCTC
                0x00000000        0xe MCAL/TC2/TMR2_Program.o
 .text.TMR2_voidSetCompareMatchvalue
                0x00000000        0x4 MCAL/TC2/TMR2_Program.o
 .text.TMR2_voidSetDelay_ms_usingCTC
                0x00000000        0x2 MCAL/TC2/TMR2_Program.o
 .text.TMR2_voidSetDutycycle
                0x00000000       0x26 MCAL/TC2/TMR2_Program.o
 .bss.CTC_Counter
                0x00000000        0x2 MCAL/TC2/TMR2_Program.o
 .text          0x00000000        0x0 MCAL/UART0/UART0_program.o
 .data          0x00000000        0x0 MCAL/UART0/UART0_program.o
 .bss           0x00000000        0x0 MCAL/UART0/UART0_program.o
 .text.UART0_SendByte
                0x00000000        0x8 MCAL/UART0/UART0_program.o
 .text.UART0_RecieveByte
                0x00000000        0x8 MCAL/UART0/UART0_program.o
 .text          0x00000000        0x0 c:/program files (x86)/atmel/studio/7.0/toolchain/avr8/avr8-gnu-toolchain/bin/../lib/gcc/avr/5.4.0/../../../../avr/lib/avr51\libm.a(addsf3.o)
 .data          0x00000000        0x0 c:/program files (x86)/atmel/studio/7.0/toolchain/avr8/avr8-gnu-toolchain/bin/../lib/gcc/avr/5.4.0/../../../../avr/lib/avr51\libm.a(addsf3.o)
 .bss           0x00000000        0x0 c:/program files (x86)/atmel/studio/7.0/toolchain/avr8/avr8-gnu-toolchain/bin/../lib/gcc/avr/5.4.0/../../../../avr/lib/avr51\libm.a(addsf3.o)
 .text          0x00000000        0x0 c:/program files (x86)/atmel/studio/7.0/toolchain/avr8/avr8-gnu-toolchain/bin/../lib/gcc/avr/5.4.0/../../../../avr/lib/avr51\libm.a(addsf3x.o)
 .data          0x00000000        0x0 c:/program files (x86)/atmel/studio/7.0/toolchain/avr8/avr8-gnu-toolchain/bin/../lib/gcc/avr/5.4.0/../../../../avr/lib/avr51\libm.a(addsf3x.o)
 .bss           0x00000000        0x0 c:/program files (x86)/atmel/studio/7.0/toolchain/avr8/avr8-gnu-toolchain/bin/../lib/gcc/avr/5.4.0/../../../../avr/lib/avr51\libm.a(addsf3x.o)
 .text          0x00000000        0x0 c:/program files (x86)/atmel/studio/7.0/toolchain/avr8/avr8-gnu-toolchain/bin/../lib/gcc/avr/5.4.0/../../../../avr/lib/avr51\libm.a(fixsfsi.o)
 .data          0x00000000        0x0 c:/program files (x86)/atmel/studio/7.0/toolchain/avr8/avr8-gnu-toolchain/bin/../lib/gcc/avr/5.4.0/../../../../avr/lib/avr51\libm.a(fixsfsi.o)
 .bss           0x00000000        0x0 c:/program files (x86)/atmel/studio/7.0/toolchain/avr8/avr8-gnu-toolchain/bin/../lib/gcc/avr/5.4.0/../../../../avr/lib/avr51\libm.a(fixsfsi.o)
 .text          0x00000000        0x0 c:/program files (x86)/atmel/studio/7.0/toolchain/avr8/avr8-gnu-toolchain/bin/../lib/gcc/avr/5.4.0/../../../../avr/lib/avr51\libm.a(fixunssfsi.o)
 .data          0x00000000        0x0 c:/program files (x86)/atmel/studio/7.0/toolchain/avr8/avr8-gnu-toolchain/bin/../lib/gcc/avr/5.4.0/../../../../avr/lib/avr51\libm.a(fixunssfsi.o)
 .bss           0x00000000        0x0 c:/program files (x86)/atmel/studio/7.0/toolchain/avr8/avr8-gnu-toolchain/bin/../lib/gcc/avr/5.4.0/../../../../avr/lib/avr51\libm.a(fixunssfsi.o)
 .text          0x00000000        0x0 c:/program files (x86)/atmel/studio/7.0/toolchain/avr8/avr8-gnu-toolchain/bin/../lib/gcc/avr/5.4.0/../../../../avr/lib/avr51\libm.a(floatsisf.o)
 .data          0x00000000        0x0 c:/program files (x86)/atmel/studio/7.0/toolchain/avr8/avr8-gnu-toolchain/bin/../lib/gcc/avr/5.4.0/../../../../avr/lib/avr51\libm.a(floatsisf.o)
 .bss           0x00000000        0x0 c:/program files (x86)/atmel/studio/7.0/toolchain/avr8/avr8-gnu-toolchain/bin/../lib/gcc/avr/5.4.0/../../../../avr/lib/avr51\libm.a(floatsisf.o)
 .text          0x00000000        0x0 c:/program files (x86)/atmel/studio/7.0/toolchain/avr8/avr8-gnu-toolchain/bin/../lib/gcc/avr/5.4.0/../../../../avr/lib/avr51\libm.a(fp_inf.o)
 .data          0x00000000        0x0 c:/program files (x86)/atmel/studio/7.0/toolchain/avr8/avr8-gnu-toolchain/bin/../lib/gcc/avr/5.4.0/../../../../avr/lib/avr51\libm.a(fp_inf.o)
 .bss           0x00000000        0x0 c:/program files (x86)/atmel/studio/7.0/toolchain/avr8/avr8-gnu-toolchain/bin/../lib/gcc/avr/5.4.0/../../../../avr/lib/avr51\libm.a(fp_inf.o)
 .text          0x00000000        0x0 c:/program files (x86)/atmel/studio/7.0/toolchain/avr8/avr8-gnu-toolchain/bin/../lib/gcc/avr/5.4.0/../../../../avr/lib/avr51\libm.a(fp_nan.o)
 .data          0x00000000        0x0 c:/program files (x86)/atmel/studio/7.0/toolchain/avr8/avr8-gnu-toolchain/bin/../lib/gcc/avr/5.4.0/../../../../avr/lib/avr51\libm.a(fp_nan.o)
 .bss           0x00000000        0x0 c:/program files (x86)/atmel/studio/7.0/toolchain/avr8/avr8-gnu-toolchain/bin/../lib/gcc/avr/5.4.0/../../../../avr/lib/avr51\libm.a(fp_nan.o)
 .text          0x00000000        0x0 c:/program files (x86)/atmel/studio/7.0/toolchain/avr8/avr8-gnu-toolchain/bin/../lib/gcc/avr/5.4.0/../../../../avr/lib/avr51\libm.a(fp_pscA.o)
 .data          0x00000000        0x0 c:/program files (x86)/atmel/studio/7.0/toolchain/avr8/avr8-gnu-toolchain/bin/../lib/gcc/avr/5.4.0/../../../../avr/lib/avr51\libm.a(fp_pscA.o)
 .bss           0x00000000        0x0 c:/program files (x86)/atmel/studio/7.0/toolchain/avr8/avr8-gnu-toolchain/bin/../lib/gcc/avr/5.4.0/../../../../avr/lib/avr51\libm.a(fp_pscA.o)
 .text          0x00000000        0x0 c:/program files (x86)/atmel/studio/7.0/toolchain/avr8/avr8-gnu-toolchain/bin/../lib/gcc/avr/5.4.0/../../../../avr/lib/avr51\libm.a(fp_pscB.o)
 .data          0x00000000        0x0 c:/program files (x86)/atmel/studio/7.0/toolchain/avr8/avr8-gnu-toolchain/bin/../lib/gcc/avr/5.4.0/../../../../avr/lib/avr51\libm.a(fp_pscB.o)
 .bss           0x00000000        0x0 c:/program files (x86)/atmel/studio/7.0/toolchain/avr8/avr8-gnu-toolchain/bin/../lib/gcc/avr/5.4.0/../../../../avr/lib/avr51\libm.a(fp_pscB.o)
 .text          0x00000000        0x0 c:/program files (x86)/atmel/studio/7.0/toolchain/avr8/avr8-gnu-toolchain/bin/../lib/gcc/avr/5.4.0/../../../../avr/lib/avr51\libm.a(fp_round.o)
 .data          0x00000000        0x0 c:/program files (x86)/atmel/studio/7.0/toolchain/avr8/avr8-gnu-toolchain/bin/../lib/gcc/avr/5.4.0/../../../../avr/lib/avr51\libm.a(fp_round.o)
 .bss           0x00000000        0x0 c:/program files (x86)/atmel/studio/7.0/toolchain/avr8/avr8-gnu-toolchain/bin/../lib/gcc/avr/5.4.0/../../../../avr/lib/avr51\libm.a(fp_round.o)
 .text          0x00000000        0x0 c:/program files (x86)/atmel/studio/7.0/toolchain/avr8/avr8-gnu-toolchain/bin/../lib/gcc/avr/5.4.0/../../../../avr/lib/avr51\libm.a(fp_split3.o)
 .data          0x00000000        0x0 c:/program files (x86)/atmel/studio/7.0/toolchain/avr8/avr8-gnu-toolchain/bin/../lib/gcc/avr/5.4.0/../../../../avr/lib/avr51\libm.a(fp_split3.o)
 .bss           0x00000000        0x0 c:/program files (x86)/atmel/studio/7.0/toolchain/avr8/avr8-gnu-toolchain/bin/../lib/gcc/avr/5.4.0/../../../../avr/lib/avr51\libm.a(fp_split3.o)
 .text          0x00000000        0x0 c:/program files (x86)/atmel/studio/7.0/toolchain/avr8/avr8-gnu-toolchain/bin/../lib/gcc/avr/5.4.0/../../../../avr/lib/avr51\libm.a(fp_zero.o)
 .data          0x00000000        0x0 c:/program files (x86)/atmel/studio/7.0/toolchain/avr8/avr8-gnu-toolchain/bin/../lib/gcc/avr/5.4.0/../../../../avr/lib/avr51\libm.a(fp_zero.o)
 .bss           0x00000000        0x0 c:/program files (x86)/atmel/studio/7.0/toolchain/avr8/avr8-gnu-toolchain/bin/../lib/gcc/avr/5.4.0/../../../../avr/lib/avr51\libm.a(fp_zero.o)
 .text          0x00000000        0x0 c:/program files (x86)/atmel/studio/7.0/toolchain/avr8/avr8-gnu-toolchain/bin/../lib/gcc/avr/5.4.0/../../../../avr/lib/avr51\libm.a(mulsf3.o)
 .data          0x00000000        0x0 c:/program files (x86)/atmel/studio/7.0/toolchain/avr8/avr8-gnu-toolchain/bin/../lib/gcc/avr/5.4.0/../../../../avr/lib/avr51\libm.a(mulsf3.o)
 .bss           0x00000000        0x0 c:/program files (x86)/atmel/studio/7.0/toolchain/avr8/avr8-gnu-toolchain/bin/../lib/gcc/avr/5.4.0/../../../../avr/lib/avr51\libm.a(mulsf3.o)
 .text          0x00000000        0x0 c:/program files (x86)/atmel/studio/7.0/toolchain/avr8/avr8-gnu-toolchain/bin/../lib/gcc/avr/5.4.0/../../../../avr/lib/avr51\libm.a(mulsf3x.o)
 .data          0x00000000        0x0 c:/program files (x86)/atmel/studio/7.0/toolchain/avr8/avr8-gnu-toolchain/bin/../lib/gcc/avr/5.4.0/../../../../avr/lib/avr51\libm.a(mulsf3x.o)
 .bss           0x00000000        0x0 c:/program files (x86)/atmel/studio/7.0/toolchain/avr8/avr8-gnu-toolchain/bin/../lib/gcc/avr/5.4.0/../../../../avr/lib/avr51\libm.a(mulsf3x.o)
 .text          0x00000000        0x0 c:/program files (x86)/atmel/studio/7.0/toolchain/avr8/avr8-gnu-toolchain/bin/../lib/gcc/avr/5.4.0/avr51\libgcc.a(_udivmodhi4.o)
 .data          0x00000000        0x0 c:/program files (x86)/atmel/studio/7.0/toolchain/avr8/avr8-gnu-toolchain/bin/../lib/gcc/avr/5.4.0/avr51\libgcc.a(_udivmodhi4.o)
 .bss           0x00000000        0x0 c:/program files (x86)/atmel/studio/7.0/toolchain/avr8/avr8-gnu-toolchain/bin/../lib/gcc/avr/5.4.0/avr51\libgcc.a(_udivmodhi4.o)
 .text.libgcc.mul
                0x00000000        0x0 c:/program files (x86)/atmel/studio/7.0/toolchain/avr8/avr8-gnu-toolchain/bin/../lib/gcc/avr/5.4.0/avr51\libgcc.a(_udivmodhi4.o)
 .text.libgcc.div
                0x00000000       0x28 c:/program files (x86)/atmel/studio/7.0/toolchain/avr8/avr8-gnu-toolchain/bin/../lib/gcc/avr/5.4.0/avr51\libgcc.a(_udivmodhi4.o)
 .text.libgcc   0x00000000        0x0 c:/program files (x86)/atmel/studio/7.0/toolchain/avr8/avr8-gnu-toolchain/bin/../lib/gcc/avr/5.4.0/avr51\libgcc.a(_udivmodhi4.o)
 .text.libgcc.prologue
                0x00000000        0x0 c:/program files (x86)/atmel/studio/7.0/toolchain/avr8/avr8-gnu-toolchain/bin/../lib/gcc/avr/5.4.0/avr51\libgcc.a(_udivmodhi4.o)
 .text.libgcc.builtins
                0x00000000        0x0 c:/program files (x86)/atmel/studio/7.0/toolchain/avr8/avr8-gnu-toolchain/bin/../lib/gcc/avr/5.4.0/avr51\libgcc.a(_udivmodhi4.o)
 .text.libgcc.fmul
                0x00000000        0x0 c:/program files (x86)/atmel/studio/7.0/toolchain/avr8/avr8-gnu-toolchain/bin/../lib/gcc/avr/5.4.0/avr51\libgcc.a(_udivmodhi4.o)
 .text.libgcc.fixed
                0x00000000        0x0 c:/program files (x86)/atmel/studio/7.0/toolchain/avr8/avr8-gnu-toolchain/bin/../lib/gcc/avr/5.4.0/avr51\libgcc.a(_udivmodhi4.o)
 .text          0x00000000        0x0 c:/program files (x86)/atmel/studio/7.0/toolchain/avr8/avr8-gnu-toolchain/bin/../lib/gcc/avr/5.4.0/avr51\libgcc.a(_udivmodsi4.o)
 .data          0x00000000        0x0 c:/program files (x86)/atmel/studio/7.0/toolchain/avr8/avr8-gnu-toolchain/bin/../lib/gcc/avr/5.4.0/avr51\libgcc.a(_udivmodsi4.o)
 .bss           0x00000000        0x0 c:/program files (x86)/atmel/studio/7.0/toolchain/avr8/avr8-gnu-toolchain/bin/../lib/gcc/avr/5.4.0/avr51\libgcc.a(_udivmodsi4.o)
 .text.libgcc.mul
                0x00000000        0x0 c:/program files (x86)/atmel/studio/7.0/toolchain/avr8/avr8-gnu-toolchain/bin/../lib/gcc/avr/5.4.0/avr51\libgcc.a(_udivmodsi4.o)
 .text.libgcc   0x00000000        0x0 c:/program files (x86)/atmel/studio/7.0/toolchain/avr8/avr8-gnu-toolchain/bin/../lib/gcc/avr/5.4.0/avr51\libgcc.a(_udivmodsi4.o)
 .text.libgcc.prologue
                0x00000000        0x0 c:/program files (x86)/atmel/studio/7.0/toolchain/avr8/avr8-gnu-toolchain/bin/../lib/gcc/avr/5.4.0/avr51\libgcc.a(_udivmodsi4.o)
 .text.libgcc.builtins
                0x00000000        0x0 c:/program files (x86)/atmel/studio/7.0/toolchain/avr8/avr8-gnu-toolchain/bin/../lib/gcc/avr/5.4.0/avr51\libgcc.a(_udivmodsi4.o)
 .text.libgcc.fmul
                0x00000000        0x0 c:/program files (x86)/atmel/studio/7.0/toolchain/avr8/avr8-gnu-toolchain/bin/../lib/gcc/avr/5.4.0/avr51\libgcc.a(_udivmodsi4.o)
 .text.libgcc.fixed
                0x00000000        0x0 c:/program files (x86)/atmel/studio/7.0/toolchain/avr8/avr8-gnu-toolchain/bin/../lib/gcc/avr/5.4.0/avr51\libgcc.a(_udivmodsi4.o)
 .text          0x00000000        0x0 c:/program files (x86)/atmel/studio/7.0/toolchain/avr8/avr8-gnu-toolchain/bin/../lib/gcc/avr/5.4.0/avr51\libgcc.a(_exit.o)
 .data          0x00000000        0x0 c:/program files (x86)/atmel/studio/7.0/toolchain/avr8/avr8-gnu-toolchain/bin/../lib/gcc/avr/5.4.0/avr51\libgcc.a(_exit.o)
 .bss           0x00000000        0x0 c:/program files (x86)/atmel/studio/7.0/toolchain/avr8/avr8-gnu-toolchain/bin/../lib/gcc/avr/5.4.0/avr51\libgcc.a(_exit.o)
 .text.libgcc.mul
                0x00000000        0x0 c:/program files (x86)/atmel/studio/7.0/toolchain/avr8/avr8-gnu-toolchain/bin/../lib/gcc/avr/5.4.0/avr51\libgcc.a(_exit.o)
 .text.libgcc.div
                0x00000000        0x0 c:/program files (x86)/atmel/studio/7.0/toolchain/avr8/avr8-gnu-toolchain/bin/../lib/gcc/avr/5.4.0/avr51\libgcc.a(_exit.o)
 .text.libgcc   0x00000000        0x0 c:/program files (x86)/atmel/studio/7.0/toolchain/avr8/avr8-gnu-toolchain/bin/../lib/gcc/avr/5.4.0/avr51\libgcc.a(_exit.o)
 .text.libgcc.prologue
                0x00000000        0x0 c:/program files (x86)/atmel/studio/7.0/toolchain/avr8/avr8-gnu-toolchain/bin/../lib/gcc/avr/5.4.0/avr51\libgcc.a(_exit.o)
 .text.libgcc.builtins
                0x00000000        0x0 c:/program files (x86)/atmel/studio/7.0/toolchain/avr8/avr8-gnu-toolchain/bin/../lib/gcc/avr/5.4.0/avr51\libgcc.a(_exit.o)
 .text.libgcc.fmul
                0x00000000        0x0 c:/program files (x86)/atmel/studio/7.0/toolchain/avr8/avr8-gnu-toolchain/bin/../lib/gcc/avr/5.4.0/avr51\libgcc.a(_exit.o)
 .text.libgcc.fixed
                0x00000000        0x0 c:/program files (x86)/atmel/studio/7.0/toolchain/avr8/avr8-gnu-toolchain/bin/../lib/gcc/avr/5.4.0/avr51\libgcc.a(_exit.o)
 .text          0x00000000        0x0 c:/program files (x86)/atmel/studio/7.0/toolchain/avr8/avr8-gnu-toolchain/bin/../lib/gcc/avr/5.4.0/avr51\libgcc.a(_tablejump2.o)
 .data          0x00000000        0x0 c:/program files (x86)/atmel/studio/7.0/toolchain/avr8/avr8-gnu-toolchain/bin/../lib/gcc/avr/5.4.0/avr51\libgcc.a(_tablejump2.o)
 .bss           0x00000000        0x0 c:/program files (x86)/atmel/studio/7.0/toolchain/avr8/avr8-gnu-toolchain/bin/../lib/gcc/avr/5.4.0/avr51\libgcc.a(_tablejump2.o)
 .text.libgcc.mul
                0x00000000        0x0 c:/program files (x86)/atmel/studio/7.0/toolchain/avr8/avr8-gnu-toolchain/bin/../lib/gcc/avr/5.4.0/avr51\libgcc.a(_tablejump2.o)
 .text.libgcc.div
                0x00000000        0x0 c:/program files (x86)/atmel/studio/7.0/toolchain/avr8/avr8-gnu-toolchain/bin/../lib/gcc/avr/5.4.0/avr51\libgcc.a(_tablejump2.o)
 .text.libgcc.prologue
                0x00000000        0x0 c:/program files (x86)/atmel/studio/7.0/toolchain/avr8/avr8-gnu-toolchain/bin/../lib/gcc/avr/5.4.0/avr51\libgcc.a(_tablejump2.o)
 .text.libgcc.builtins
                0x00000000        0x0 c:/program files (x86)/atmel/studio/7.0/toolchain/avr8/avr8-gnu-toolchain/bin/../lib/gcc/avr/5.4.0/avr51\libgcc.a(_tablejump2.o)
 .text.libgcc.fmul
                0x00000000        0x0 c:/program files (x86)/atmel/studio/7.0/toolchain/avr8/avr8-gnu-toolchain/bin/../lib/gcc/avr/5.4.0/avr51\libgcc.a(_tablejump2.o)
 .text.libgcc.fixed
                0x00000000        0x0 c:/program files (x86)/atmel/studio/7.0/toolchain/avr8/avr8-gnu-toolchain/bin/../lib/gcc/avr/5.4.0/avr51\libgcc.a(_tablejump2.o)
 .text          0x00000000        0x0 c:/program files (x86)/atmel/studio/7.0/toolchain/avr8/avr8-gnu-toolchain/bin/../lib/gcc/avr/5.4.0/avr51\libgcc.a(_copy_data.o)
 .data          0x00000000        0x0 c:/program files (x86)/atmel/studio/7.0/toolchain/avr8/avr8-gnu-toolchain/bin/../lib/gcc/avr/5.4.0/avr51\libgcc.a(_copy_data.o)
 .bss           0x00000000        0x0 c:/program files (x86)/atmel/studio/7.0/toolchain/avr8/avr8-gnu-toolchain/bin/../lib/gcc/avr/5.4.0/avr51\libgcc.a(_copy_data.o)
 .text.libgcc.mul
                0x00000000        0x0 c:/program files (x86)/atmel/studio/7.0/toolchain/avr8/avr8-gnu-toolchain/bin/../lib/gcc/avr/5.4.0/avr51\libgcc.a(_copy_data.o)
 .text.libgcc.div
                0x00000000        0x0 c:/program files (x86)/atmel/studio/7.0/toolchain/avr8/avr8-gnu-toolchain/bin/../lib/gcc/avr/5.4.0/avr51\libgcc.a(_copy_data.o)
 .text.libgcc   0x00000000        0x0 c:/program files (x86)/atmel/studio/7.0/toolchain/avr8/avr8-gnu-toolchain/bin/../lib/gcc/avr/5.4.0/avr51\libgcc.a(_copy_data.o)
 .text.libgcc.prologue
                0x00000000        0x0 c:/program files (x86)/atmel/studio/7.0/toolchain/avr8/avr8-gnu-toolchain/bin/../lib/gcc/avr/5.4.0/avr51\libgcc.a(_copy_data.o)
 .text.libgcc.builtins
                0x00000000        0x0 c:/program files (x86)/atmel/studio/7.0/toolchain/avr8/avr8-gnu-toolchain/bin/../lib/gcc/avr/5.4.0/avr51\libgcc.a(_copy_data.o)
 .text.libgcc.fmul
                0x00000000        0x0 c:/program files (x86)/atmel/studio/7.0/toolchain/avr8/avr8-gnu-toolchain/bin/../lib/gcc/avr/5.4.0/avr51\libgcc.a(_copy_data.o)
 .text.libgcc.fixed
                0x00000000        0x0 c:/program files (x86)/atmel/studio/7.0/toolchain/avr8/avr8-gnu-toolchain/bin/../lib/gcc/avr/5.4.0/avr51\libgcc.a(_copy_data.o)
 .text          0x00000000        0x0 c:/program files (x86)/atmel/studio/7.0/toolchain/avr8/avr8-gnu-toolchain/bin/../lib/gcc/avr/5.4.0/avr51\libgcc.a(_clear_bss.o)
 .data          0x00000000        0x0 c:/program files (x86)/atmel/studio/7.0/toolchain/avr8/avr8-gnu-toolchain/bin/../lib/gcc/avr/5.4.0/avr51\libgcc.a(_clear_bss.o)
 .bss           0x00000000        0x0 c:/program files (x86)/atmel/studio/7.0/toolchain/avr8/avr8-gnu-toolchain/bin/../lib/gcc/avr/5.4.0/avr51\libgcc.a(_clear_bss.o)
 .text.libgcc.mul
                0x00000000        0x0 c:/program files (x86)/atmel/studio/7.0/toolchain/avr8/avr8-gnu-toolchain/bin/../lib/gcc/avr/5.4.0/avr51\libgcc.a(_clear_bss.o)
 .text.libgcc.div
                0x00000000        0x0 c:/program files (x86)/atmel/studio/7.0/toolchain/avr8/avr8-gnu-toolchain/bin/../lib/gcc/avr/5.4.0/avr51\libgcc.a(_clear_bss.o)
 .text.libgcc   0x00000000        0x0 c:/program files (x86)/atmel/studio/7.0/toolchain/avr8/avr8-gnu-toolchain/bin/../lib/gcc/avr/5.4.0/avr51\libgcc.a(_clear_bss.o)
 .text.libgcc.prologue
                0x00000000        0x0 c:/program files (x86)/atmel/studio/7.0/toolchain/avr8/avr8-gnu-toolchain/bin/../lib/gcc/avr/5.4.0/avr51\libgcc.a(_clear_bss.o)
 .text.libgcc.builtins
                0x00000000        0x0 c:/program files (x86)/atmel/studio/7.0/toolchain/avr8/avr8-gnu-toolchain/bin/../lib/gcc/avr/5.4.0/avr51\libgcc.a(_clear_bss.o)
 .text.libgcc.fmul
                0x00000000        0x0 c:/program files (x86)/atmel/studio/7.0/toolchain/avr8/avr8-gnu-toolchain/bin/../lib/gcc/avr/5.4.0/avr51\libgcc.a(_clear_bss.o)
 .text.libgcc.fixed
                0x00000000        0x0 c:/program files (x86)/atmel/studio/7.0/toolchain/avr8/avr8-gnu-toolchain/bin/../lib/gcc/avr/5.4.0/avr51\libgcc.a(_clear_bss.o)
 .text          0x00000000        0x0 c:/program files (x86)/atmel/studio/7.0/toolchain/avr8/avr8-gnu-toolchain/bin/../lib/gcc/avr/5.4.0/avr51\libgcc.a(_umulhisi3.o)
 .data          0x00000000        0x0 c:/program files (x86)/atmel/studio/7.0/toolchain/avr8/avr8-gnu-toolchain/bin/../lib/gcc/avr/5.4.0/avr51\libgcc.a(_umulhisi3.o)
 .bss           0x00000000        0x0 c:/program files (x86)/atmel/studio/7.0/toolchain/avr8/avr8-gnu-toolchain/bin/../lib/gcc/avr/5.4.0/avr51\libgcc.a(_umulhisi3.o)
 .text.libgcc.div
                0x00000000        0x0 c:/program files (x86)/atmel/studio/7.0/toolchain/avr8/avr8-gnu-toolchain/bin/../lib/gcc/avr/5.4.0/avr51\libgcc.a(_umulhisi3.o)
 .text.libgcc   0x00000000        0x0 c:/program files (x86)/atmel/studio/7.0/toolchain/avr8/avr8-gnu-toolchain/bin/../lib/gcc/avr/5.4.0/avr51\libgcc.a(_umulhisi3.o)
 .text.libgcc.prologue
                0x00000000        0x0 c:/program files (x86)/atmel/studio/7.0/toolchain/avr8/avr8-gnu-toolchain/bin/../lib/gcc/avr/5.4.0/avr51\libgcc.a(_umulhisi3.o)
 .text.libgcc.builtins
                0x00000000        0x0 c:/program files (x86)/atmel/studio/7.0/toolchain/avr8/avr8-gnu-toolchain/bin/../lib/gcc/avr/5.4.0/avr51\libgcc.a(_umulhisi3.o)
 .text.libgcc.fmul
                0x00000000        0x0 c:/program files (x86)/atmel/studio/7.0/toolchain/avr8/avr8-gnu-toolchain/bin/../lib/gcc/avr/5.4.0/avr51\libgcc.a(_umulhisi3.o)
 .text.libgcc.fixed
                0x00000000        0x0 c:/program files (x86)/atmel/studio/7.0/toolchain/avr8/avr8-gnu-toolchain/bin/../lib/gcc/avr/5.4.0/avr51\libgcc.a(_umulhisi3.o)
 .text          0x00000000        0x0 c:/program files (x86)/atmel/studio/7.0/toolchain/avr8/avr8-gnu-toolchain/bin/../lib/gcc/avr/5.4.0/../../../../avr/lib/avr51\libc.a(memcpy.o)
 .data          0x00000000        0x0 c:/program files (x86)/atmel/studio/7.0/toolchain/avr8/avr8-gnu-toolchain/bin/../lib/gcc/avr/5.4.0/../../../../avr/lib/avr51\libc.a(memcpy.o)
 .bss           0x00000000        0x0 c:/program files (x86)/atmel/studio/7.0/toolchain/avr8/avr8-gnu-toolchain/bin/../lib/gcc/avr/5.4.0/../../../../avr/lib/avr51\libc.a(memcpy.o)
 .text.avr-libc
                0x00000000       0x12 c:/program files (x86)/atmel/studio/7.0/toolchain/avr8/avr8-gnu-toolchain/bin/../lib/gcc/avr/5.4.0/../../../../avr/lib/avr51\libc.a(memcpy.o)

Memory Configuration

Name             Origin             Length             Attributes
text             0x00000000         0x00020000         xr
data             0x00800100         0x0000ff00         rw !x
eeprom           0x00810000         0x00010000         rw !x
fuse             0x00820000         0x00000003         rw !x
lock             0x00830000         0x00000400         rw !x
signature        0x00840000         0x00000400         rw !x
user_signatures  0x00850000         0x00000400         rw !x
*default*        0x00000000         0xffffffff

Linker script and memory map

Address of section .data set to 0x800100
LOAD c:/program files (x86)/atmel/studio/7.0/toolchain/avr8/avr8-gnu-toolchain/bin/../lib/gcc/avr/5.4.0/../../../../avr/lib/avr51/crtatmega128.o
LOAD FreeRTOS/croutine.o
LOAD FreeRTOS/event_groups.o
LOAD FreeRTOS/heap_1.o
LOAD FreeRTOS/list.o
LOAD FreeRTOS/port.o
LOAD FreeRTOS/queue.o
LOAD FreeRTOS/stream_buffer.o
LOAD FreeRTOS/tasks.o
LOAD FreeRTOS/timers.o
LOAD HAL/L298N/L298N_Program.o
LOAD HAL/Ultrasonic/ultrasonic.o
LOAD main.o
LOAD MCAL/DIO/DIO_Program.o
LOAD MCAL/ICU/icu.o
LOAD MCAL/T0/TMR0_Program.o
LOAD MCAL/TC2/TMR2_Program.o
LOAD MCAL/UART0/UART0_program.o
START GROUP
LOAD c:/program files (x86)/atmel/studio/7.0/toolchain/avr8/avr8-gnu-toolchain/bin/../lib/gcc/avr/5.4.0/../../../../avr/lib/avr51\libm.a
END GROUP
START GROUP
LOAD c:/program files (x86)/atmel/studio/7.0/toolchain/avr8/avr8-gnu-toolchain/bin/../lib/gcc/avr/5.4.0/avr51\libgcc.a
LOAD c:/program files (x86)/atmel/studio/7.0/toolchain/avr8/avr8-gnu-toolchain/bin/../lib/gcc/avr/5.4.0/../../../../avr/lib/avr51\libm.a
LOAD c:/program files (x86)/atmel/studio/7.0/toolchain/avr8/avr8-gnu-toolchain/bin/../lib/gcc/avr/5.4.0/../../../../avr/lib/avr51\libc.a
LOAD c:/program files (x86)/atmel/studio/7.0/toolchain/avr8/avr8-gnu-toolchain/bin/../lib/gcc/avr/5.4.0/../../../../avr/lib/avr51\libatmega128.a
END GROUP
                0x00020000                __TEXT_REGION_LENGTH__ = DEFINED (__TEXT_REGION_LENGTH__)?__TEXT_REGION_LENGTH__:0x20000
                0x0000ff00                __DATA_REGION_LENGTH__ = DEFINED (__DATA_REGION_LENGTH__)?__DATA_REGION_LENGTH__:0xff00
                0x00010000                __EEPROM_REGION_LENGTH__ = DEFINED (__EEPROM_REGION_LENGTH__)?__EEPROM_REGION_LENGTH__:0x10000
                [0x00000003]                __FUSE_REGION_LENGTH__ = DEFINED (__FUSE_REGION_LENGTH__)?__FUSE_REGION_LENGTH__:0x400
                0x00000400                __LOCK_REGION_LENGTH__ = DEFINED (__LOCK_REGION_LENGTH__)?__LOCK_REGION_LENGTH__:0x400
                0x00000400                __SIGNATURE_REGION_LENGTH__ = DEFINED (__SIGNATURE_REGION_LENGTH__)?__SIGNATURE_REGION_LENGTH__:0x400
                0x00000400                __USER_SIGNATURE_REGION_LENGTH__ = DEFINED (__USER_SIGNATURE_REGION_LENGTH__)?__USER_SIGNATURE_REGION_LENGTH__:0x400

.hash
 *(.hash)

.dynsym
 *(.dynsym)

.dynstr
 *(.dynstr)

.gnu.version
 *(.gnu.version)

.gnu.version_d
 *(.gnu.version_d)

.gnu.version_r
 *(.gnu.version_r)

.rel.init
 *(.rel.init)

.rela.init
 *(.rela.init)

.rel.text
 *(.rel.text)
 *(.rel.text.*)
 *(.rel.gnu.linkonce.t*)

.rela.text
 *(.rela.text)
 *(.rela.text.*)
 *(.rela.gnu.linkonce.t*)

.rel.fini
 *(.rel.fini)

.rela.fini
 *(.rela.fini)

.rel.rodata
 *(.rel.rodata)
 *(.rel.rodata.*)
 *(.rel.gnu.linkonce.r*)

.rela.rodata
 *(.rela.rodata)
 *(.rela.rodata.*)
 *(.rela.gnu.linkonce.r*)

.rel.data
 *(.rel.data)
 *(.rel.data.*)
 *(.rel.gnu.linkonce.d*)

.rela.data
 *(.rela.data)
 *(.rela.data.*)
 *(.rela.gnu.linkonce.d*)

.rel.ctors
 *(.rel.ctors)

.rela.ctors
 *(.rela.ctors)

.rel.dtors
 *(.rel.dtors)

.rela.dtors
 *(.rela.dtors)

.rel.got
 *(.rel.got)

.rela.got
 *(.rela.got)

.rel.bss
 *(.rel.bss)

.rela.bss
 *(.rela.bss)

.rel.plt
 *(.rel.plt)

.rela.plt
 *(.rela.plt)

.text           0x00000000     0x1ff0
 *(.vectors)
 .vectors       0x00000000       0x8c c:/program files (x86)/atmel/studio/7.0/toolchain/avr8/avr8-gnu-toolchain/bin/../lib/gcc/avr/5.4.0/../../../../avr/lib/avr51/crtatmega128.o
                0x00000000                __vector_default
                0x00000000                __vectors
 *(.vectors)
 *(.progmem.gcc*)
 .progmem.gcc_sw_table.Dio_SetChannelDirection
                0x0000008c        0xe MCAL/DIO/DIO_Program.o
 .progmem.gcc_sw_table.Dio_WriteChannel
                0x0000009a        0xe MCAL/DIO/DIO_Program.o
 .progmem.gcc_sw_table.Dio_ReadChannel
                0x000000a8        0xe MCAL/DIO/DIO_Program.o
                0x000000b6                . = ALIGN (0x2)
                0x000000b6                __trampolines_start = .
 *(.trampolines)
 .trampolines   0x000000b6        0x0 linker stubs
 *(.trampolines*)
                0x000000b6                __trampolines_end = .
 *libprintf_flt.a:*(.progmem.data)
 *libc.a:*(.progmem.data)
 *(.progmem*)
                0x000000b6                . = ALIGN (0x2)
 *(.jumptables)
 *(.jumptables*)
 *(.lowtext)
 *(.lowtext*)
                0x000000b6                __ctors_start = .
 *(.ctors)
                0x000000b6                __ctors_end = .
                0x000000b6                __dtors_start = .
 *(.dtors)
                0x000000b6                __dtors_end = .
 SORT(*)(.ctors)
 SORT(*)(.dtors)
 *(.init0)
 .init0         0x000000b6        0x0 c:/program files (x86)/atmel/studio/7.0/toolchain/avr8/avr8-gnu-toolchain/bin/../lib/gcc/avr/5.4.0/../../../../avr/lib/avr51/crtatmega128.o
                0x000000b6                __init
 *(.init0)
 *(.init1)
 *(.init1)
 *(.init2)
 .init2         0x000000b6        0xc c:/program files (x86)/atmel/studio/7.0/toolchain/avr8/avr8-gnu-toolchain/bin/../lib/gcc/avr/5.4.0/../../../../avr/lib/avr51/crtatmega128.o
 *(.init2)
 *(.init3)
 *(.init3)
 *(.init4)
 .init4         0x000000c2       0x1a c:/program files (x86)/atmel/studio/7.0/toolchain/avr8/avr8-gnu-toolchain/bin/../lib/gcc/avr/5.4.0/avr51\libgcc.a(_copy_data.o)
                0x000000c2                __do_copy_data
 .init4         0x000000dc       0x10 c:/program files (x86)/atmel/studio/7.0/toolchain/avr8/avr8-gnu-toolchain/bin/../lib/gcc/avr/5.4.0/avr51\libgcc.a(_clear_bss.o)
                0x000000dc                __do_clear_bss
 *(.init4)
 *(.init5)
 *(.init5)
 *(.init6)
 *(.init6)
 *(.init7)
 *(.init7)
 *(.init8)
 *(.init8)
 *(.init9)
 .init9         0x000000ec        0x8 c:/program files (x86)/atmel/studio/7.0/toolchain/avr8/avr8-gnu-toolchain/bin/../lib/gcc/avr/5.4.0/../../../../avr/lib/avr51/crtatmega128.o
 *(.init9)
 *(.text)
 .text          0x000000f4        0x2 c:/program files (x86)/atmel/studio/7.0/toolchain/avr8/avr8-gnu-toolchain/bin/../lib/gcc/avr/5.4.0/../../../../avr/lib/avr51/crtatmega128.o
                0x000000f4                __vector_22
                0x000000f4                __vector_28
                0x000000f4                __vector_1
                0x000000f4                __vector_32
                0x000000f4                __vector_34
                0x000000f4                __vector_24
                0x000000f4                __bad_interrupt
                0x000000f4                __vector_6
                0x000000f4                __vector_31
                0x000000f4                __vector_3
                0x000000f4                __vector_23
                0x000000f4                __vector_30
                0x000000f4                __vector_11
                0x000000f4                __vector_13
                0x000000f4                __vector_17
                0x000000f4                __vector_19
                0x000000f4                __vector_7
                0x000000f4                __vector_27
                0x000000f4                __vector_5
                0x000000f4                __vector_33
                0x000000f4                __vector_4
                0x000000f4                __vector_2
                0x000000f4                __vector_21
                0x000000f4                __vector_29
                0x000000f4                __vector_8
                0x000000f4                __vector_26
                0x000000f4                __vector_16
                0x000000f6                . = ALIGN (0x2)
 *(.text.*)
 .text.pvPortMalloc
                0x000000f6       0x70 FreeRTOS/heap_1.o
                0x000000f6                pvPortMalloc
 .text.vPortFree
                0x00000166        0x2 FreeRTOS/heap_1.o
                0x00000166                vPortFree
 .text.vListInitialise
                0x00000168       0x1c FreeRTOS/list.o
                0x00000168                vListInitialise
 .text.vListInitialiseItem
                0x00000184        0x8 FreeRTOS/list.o
                0x00000184                vListInitialiseItem
 .text.vListInsert
                0x0000018c       0x62 FreeRTOS/list.o
                0x0000018c                vListInsert
 .text.uxListRemove
                0x000001ee       0x4e FreeRTOS/list.o
                0x000001ee                uxListRemove
 .text.prvSetupTimerInterrupt
                0x0000023c       0x12 FreeRTOS/port.o
 .text.pxPortInitialiseStack
                0x0000024e       0xd8 FreeRTOS/port.o
                0x0000024e                pxPortInitialiseStack
 .text.xPortStartScheduler
                0x00000326       0x5c FreeRTOS/port.o
                0x00000326                xPortStartScheduler
 .text.vPortYield
                0x00000382       0xb0 FreeRTOS/port.o
                0x00000382                vPortYield
 .text.__vector_12
                0x00000432       0x4e FreeRTOS/port.o
                0x00000432                __vector_12
 .text.prvResetNextTaskUnblockTime
                0x00000480       0x38 FreeRTOS/tasks.o
 .text.prvDeleteTCB
                0x000004b8       0x16 FreeRTOS/tasks.o
 .text.prvInitialiseNewTask
                0x000004ce       0xcc FreeRTOS/tasks.o
 .text.prvInitialiseTaskLists
                0x0000059a       0x5c FreeRTOS/tasks.o
 .text.prvAddNewTaskToReadyList
                0x000005f6       0xec FreeRTOS/tasks.o
 .text.prvCheckTasksWaitingTermination
                0x000006e2       0x48 FreeRTOS/tasks.o
 .text.prvIdleTask
                0x0000072a        0x6 FreeRTOS/tasks.o
 .text.prvAddCurrentTaskToDelayedList
                0x00000730       0x82 FreeRTOS/tasks.o
 .text.xTaskCreate
                0x000007b2       0xa8 FreeRTOS/tasks.o
                0x000007b2                xTaskCreate
 .text.vTaskStartScheduler
                0x0000085a       0x54 FreeRTOS/tasks.o
                0x0000085a                vTaskStartScheduler
 .text.vTaskSuspendAll
                0x000008ae        0xc FreeRTOS/tasks.o
                0x000008ae                vTaskSuspendAll
 .text.xTaskGetTickCount
                0x000008ba       0x14 FreeRTOS/tasks.o
                0x000008ba                xTaskGetTickCount
 .text.xTaskIncrementTick
                0x000008ce      0x1dc FreeRTOS/tasks.o
                0x000008ce                xTaskIncrementTick
 .text.xTaskResumeAll
                0x00000aaa      0x196 FreeRTOS/tasks.o
                0x00000aaa                xTaskResumeAll
 .text.xTaskDelayUntil
                0x00000c40       0x7c FreeRTOS/tasks.o
                0x00000c40                xTaskDelayUntil
 .text.vTaskDelay
                0x00000cbc       0x24 FreeRTOS/tasks.o
                0x00000cbc                vTaskDelay
 .text.vTaskSwitchContext
                0x00000ce0       0xa8 FreeRTOS/tasks.o
                0x00000ce0                vTaskSwitchContext
 .text.ulTaskGenericNotifyTake
                0x00000d88      0x102 FreeRTOS/tasks.o
                0x00000d88                ulTaskGenericNotifyTake
 .text.vTaskGenericNotifyGiveFromISR
                0x00000e8a      0x194 FreeRTOS/tasks.o
                0x00000e8a                vTaskGenericNotifyGiveFromISR
 .text.DCM_CH1_voidInit
                0x0000101e       0x16 HAL/L298N/L298N_Program.o
                0x0000101e                DCM_CH1_voidInit
 .text.DCM_CH1_voidSetMotorState
                0x00001034       0x48 HAL/L298N/L298N_Program.o
                0x00001034                DCM_CH1_voidSetMotorState
 .text.DCM_CH1_voidSetMotorSpeed
                0x0000107c        0x6 HAL/L298N/L298N_Program.o
                0x0000107c                DCM_CH1_voidSetMotorSpeed
 .text.DCM_CH2_voidSetMotorSpeed
                0x00001082        0x6 HAL/L298N/L298N_Program.o
                0x00001082                DCM_CH2_voidSetMotorSpeed
 .text.Ultrasonic_edgeProcessing
                0x00001088       0x32 HAL/Ultrasonic/ultrasonic.o
 .text.Ultrasonic_init
                0x000010ba       0x16 HAL/Ultrasonic/ultrasonic.o
                0x000010ba                Ultrasonic_init
 .text.Ultrasonic_Trigger_1
                0x000010d0        0xa HAL/Ultrasonic/ultrasonic.o
                0x000010d0                Ultrasonic_Trigger_1
 .text.Ultrasonic_Trigger_2
                0x000010da        0x8 HAL/Ultrasonic/ultrasonic.o
                0x000010da                Ultrasonic_Trigger_2
 .text.Ultrasonic_GetReading
                0x000010e2       0x7e HAL/Ultrasonic/ultrasonic.o
                0x000010e2                Ultrasonic_GetReading
 .text.UART0_TransmissionCompleteNotiication
                0x00001160       0x18 main.o
                0x00001160                UART0_TransmissionCompleteNotiication
 .text.Task_GetState_Func
                0x00001178       0x60 main.o
                0x00001178                Task_GetState_Func
 .text.Task_CheckEMB_Func
                0x000011d8       0x8a main.o
                0x000011d8                Task_CheckEMB_Func
 .text.Task_SetACCAction_Func
                0x00001262       0xe8 main.o
                0x00001262                Task_SetACCAction_Func
 .text.Task_Uart
                0x0000134a       0x54 main.o
                0x0000134a                Task_Uart
 .text.UART0_ReceptionCompleteNotfication
                0x0000139e       0x2a main.o
                0x0000139e                UART0_ReceptionCompleteNotfication
 .text.main     0x000013c8       0xb6 main.o
                0x000013c8                main
 .text.Dio_SetChannelDirection
                0x0000147e      0x14e MCAL/DIO/DIO_Program.o
                0x0000147e                Dio_SetChannelDirection
 .text.Dio_WriteChannel
                0x000015cc      0x14e MCAL/DIO/DIO_Program.o
                0x000015cc                Dio_WriteChannel
 .text.Dio_ReadChannel
                0x0000171a       0xbe MCAL/DIO/DIO_Program.o
                0x0000171a                Dio_ReadChannel
 .text.__vector_25
                0x000017d8       0x56 MCAL/ICU/icu.o
                0x000017d8                __vector_25
 .text.ICU_init
                0x0000182e       0xd0 MCAL/ICU/icu.o
                0x0000182e                ICU_init
 .text.ICU_setCallBack
                0x000018fe        0xa MCAL/ICU/icu.o
                0x000018fe                ICU_setCallBack
 .text.Icu_setEdgeDetectionType
                0x00001908       0x1c MCAL/ICU/icu.o
                0x00001908                Icu_setEdgeDetectionType
 .text.Icu_getInputCaptureValue
                0x00001924        0xa MCAL/ICU/icu.o
                0x00001924                Icu_getInputCaptureValue
 .text.Icu_clearTimerValue
                0x0000192e        0xa MCAL/ICU/icu.o
                0x0000192e                Icu_clearTimerValue
 .text.TMR0_voidInit
                0x00001938        0xa MCAL/T0/TMR0_Program.o
                0x00001938                TMR0_voidInit
 .text.TMR0_voidStart
                0x00001942        0xa MCAL/T0/TMR0_Program.o
                0x00001942                TMR0_voidStart
 .text.TMR0_voidStop
                0x0000194c        0x8 MCAL/T0/TMR0_Program.o
                0x0000194c                TMR0_voidStop
 .text.TMR0_voidSetDutycycle
                0x00001954       0x24 MCAL/T0/TMR0_Program.o
                0x00001954                TMR0_voidSetDutycycle
 .text.__vector_14
                0x00001978       0x7e MCAL/T0/TMR0_Program.o
                0x00001978                __vector_14
 .text.__vector_15
                0x000019f6       0x82 MCAL/T0/TMR0_Program.o
                0x000019f6                __vector_15
 .text.__vector_10
                0x00001a78       0x7e MCAL/TC2/TMR2_Program.o
                0x00001a78                __vector_10
 .text.__vector_9
                0x00001af6       0x5a MCAL/TC2/TMR2_Program.o
                0x00001af6                __vector_9
 .text.UART0_init
                0x00001b50       0x3a MCAL/UART0/UART0_program.o
                0x00001b50                UART0_init
 .text.UART0_AsyncSendByte
                0x00001b8a        0x4 MCAL/UART0/UART0_program.o
                0x00001b8a                UART0_AsyncSendByte
 .text.UART0_ReadDataReceived
                0x00001b8e        0x6 MCAL/UART0/UART0_program.o
                0x00001b8e                UART0_ReadDataReceived
 .text.UART0_SetTransmissionCompleteCallBack
                0x00001b94        0xe MCAL/UART0/UART0_program.o
                0x00001b94                UART0_SetTransmissionCompleteCallBack
 .text.UART0_SetReceptionCompleteCallBack
                0x00001ba2        0xe MCAL/UART0/UART0_program.o
                0x00001ba2                UART0_SetReceptionCompleteCallBack
 .text.__vector_20
                0x00001bb0       0x5a MCAL/UART0/UART0_program.o
                0x00001bb0                __vector_20
 .text.__vector_18
                0x00001c0a       0x60 MCAL/UART0/UART0_program.o
                0x00001c0a                __vector_18
 .text.avr-libc.fplib
                0x00001c6a        0xa c:/program files (x86)/atmel/studio/7.0/toolchain/avr8/avr8-gnu-toolchain/bin/../lib/gcc/avr/5.4.0/../../../../avr/lib/avr51\libm.a(addsf3.o)
                0x00001c6a                __subsf3
                0x00001c6c                __addsf3
 .text.avr-libc.fplib
                0x00001c74       0xc0 c:/program files (x86)/atmel/studio/7.0/toolchain/avr8/avr8-gnu-toolchain/bin/../lib/gcc/avr/5.4.0/../../../../avr/lib/avr51\libm.a(addsf3x.o)
                0x00001c8e                __addsf3x
 .text.avr-libc.fplib
                0x00001d34        0xa c:/program files (x86)/atmel/studio/7.0/toolchain/avr8/avr8-gnu-toolchain/bin/../lib/gcc/avr/5.4.0/../../../../avr/lib/avr51\libm.a(fixsfsi.o)
                0x00001d34                __fixsfsi
 .text.avr-libc.fplib
                0x00001d3e       0x58 c:/program files (x86)/atmel/studio/7.0/toolchain/avr8/avr8-gnu-toolchain/bin/../lib/gcc/avr/5.4.0/../../../../avr/lib/avr51\libm.a(fixunssfsi.o)
                0x00001d3e                __fixunssfsi
 .text.avr-libc.fplib
                0x00001d96       0x7a c:/program files (x86)/atmel/studio/7.0/toolchain/avr8/avr8-gnu-toolchain/bin/../lib/gcc/avr/5.4.0/../../../../avr/lib/avr51\libm.a(floatsisf.o)
                0x00001d96                __floatunsisf
                0x00001d9a                __floatsisf
 .text.avr-libc.fplib
                0x00001e10        0xc c:/program files (x86)/atmel/studio/7.0/toolchain/avr8/avr8-gnu-toolchain/bin/../lib/gcc/avr/5.4.0/../../../../avr/lib/avr51\libm.a(fp_inf.o)
                0x00001e10                __fp_inf
 .text.avr-libc.fplib
                0x00001e1c        0x6 c:/program files (x86)/atmel/studio/7.0/toolchain/avr8/avr8-gnu-toolchain/bin/../lib/gcc/avr/5.4.0/../../../../avr/lib/avr51\libm.a(fp_nan.o)
                0x00001e1c                __fp_nan
 .text.avr-libc.fplib
                0x00001e22        0xe c:/program files (x86)/atmel/studio/7.0/toolchain/avr8/avr8-gnu-toolchain/bin/../lib/gcc/avr/5.4.0/../../../../avr/lib/avr51\libm.a(fp_pscA.o)
                0x00001e22                __fp_pscA
 .text.avr-libc.fplib
                0x00001e30        0xe c:/program files (x86)/atmel/studio/7.0/toolchain/avr8/avr8-gnu-toolchain/bin/../lib/gcc/avr/5.4.0/../../../../avr/lib/avr51\libm.a(fp_pscB.o)
                0x00001e30                __fp_pscB
 .text.avr-libc.fplib
                0x00001e3e       0x22 c:/program files (x86)/atmel/studio/7.0/toolchain/avr8/avr8-gnu-toolchain/bin/../lib/gcc/avr/5.4.0/../../../../avr/lib/avr51\libm.a(fp_round.o)
                0x00001e3e                __fp_round
 .text.avr-libc.fplib
                0x00001e60       0x44 c:/program files (x86)/atmel/studio/7.0/toolchain/avr8/avr8-gnu-toolchain/bin/../lib/gcc/avr/5.4.0/../../../../avr/lib/avr51\libm.a(fp_split3.o)
                0x00001e60                __fp_split3
                0x00001e70                __fp_splitA
 .text.avr-libc.fplib
                0x00001ea4        0xe c:/program files (x86)/atmel/studio/7.0/toolchain/avr8/avr8-gnu-toolchain/bin/../lib/gcc/avr/5.4.0/../../../../avr/lib/avr51\libm.a(fp_zero.o)
                0x00001ea4                __fp_zero
                0x00001ea6                __fp_szero
 .text.avr-libc.fplib
                0x00001eb2        0x4 c:/program files (x86)/atmel/studio/7.0/toolchain/avr8/avr8-gnu-toolchain/bin/../lib/gcc/avr/5.4.0/../../../../avr/lib/avr51\libm.a(mulsf3.o)
                0x00001eb2                __mulsf3
 .text.avr-libc.fplib
                0x00001eb6       0xc2 c:/program files (x86)/atmel/studio/7.0/toolchain/avr8/avr8-gnu-toolchain/bin/../lib/gcc/avr/5.4.0/../../../../avr/lib/avr51\libm.a(mulsf3x.o)
                0x00001eca                __mulsf3x
                0x00001ece                __mulsf3_pse
 .text.libgcc.div
                0x00001f78       0x44 c:/program files (x86)/atmel/studio/7.0/toolchain/avr8/avr8-gnu-toolchain/bin/../lib/gcc/avr/5.4.0/avr51\libgcc.a(_udivmodsi4.o)
                0x00001f78                __udivmodsi4
 .text.libgcc   0x00001fbc       0x12 c:/program files (x86)/atmel/studio/7.0/toolchain/avr8/avr8-gnu-toolchain/bin/../lib/gcc/avr/5.4.0/avr51\libgcc.a(_tablejump2.o)
                0x00001fbc                __tablejump2__
 .text.libgcc.mul
                0x00001fce       0x1e c:/program files (x86)/atmel/studio/7.0/toolchain/avr8/avr8-gnu-toolchain/bin/../lib/gcc/avr/5.4.0/avr51\libgcc.a(_umulhisi3.o)
                0x00001fce                __umulhisi3
                0x00001fec                . = ALIGN (0x2)
 *(.fini9)
 .fini9         0x00001fec        0x0 c:/program files (x86)/atmel/studio/7.0/toolchain/avr8/avr8-gnu-toolchain/bin/../lib/gcc/avr/5.4.0/avr51\libgcc.a(_exit.o)
                0x00001fec                _exit
                0x00001fec                exit
 *(.fini9)
 *(.fini8)
 *(.fini8)
 *(.fini7)
 *(.fini7)
 *(.fini6)
 *(.fini6)
 *(.fini5)
 *(.fini5)
 *(.fini4)
 *(.fini4)
 *(.fini3)
 *(.fini3)
 *(.fini2)
 *(.fini2)
 *(.fini1)
 *(.fini1)
 *(.fini0)
 .fini0         0x00001fec        0x4 c:/program files (x86)/atmel/studio/7.0/toolchain/avr8/avr8-gnu-toolchain/bin/../lib/gcc/avr/5.4.0/avr51\libgcc.a(_exit.o)
 *(.fini0)
                0x00001ff0                _etext = .

.data           0x00800100       0x34 load address 0x00001ff0
                0x00800100                PROVIDE (__data_start, .)
 *(.data)
 *(.data*)
 .data.uxTopUsedPriority
                0x00800100        0x1 FreeRTOS/tasks.o
                0x00800100                uxTopUsedPriority
 .data.Constant
                0x00800101        0x4 main.o
                0x00800101                Constant
 .data.Safe_Distance
                0x00800105        0x1 main.o
                0x00800105                Safe_Distance
 .data.CurrentPWM
                0x00800106        0x2 main.o
                0x00800106                CurrentPWM
 .data.SetSpeed
                0x00800108        0x1 main.o
                0x00800108                SetSpeed
 *(.gnu.linkonce.d*)
 *(.rodata)
 *(.rodata*)
 .rodata.str1.1
                0x00800109        0x5 FreeRTOS/tasks.o
 .rodata.str1.1
                0x0080010e       0x26 main.o
 *(.gnu.linkonce.r*)
                0x00800134                . = ALIGN (0x2)
                0x00800134                _edata = .
                0x00800134                PROVIDE (__data_end, .)

.bss            0x00800134      0x27c
                0x00800134                PROVIDE (__bss_start, .)
 *(.bss)
 *(.bss*)
 .bss.pucAlignedHeap.2112
                0x00800134        0x2 FreeRTOS/heap_1.o
 .bss.xNextFreeByte
                0x00800136        0x2 FreeRTOS/heap_1.o
 .bss.ucHeap    0x00800138      0x1f4 FreeRTOS/heap_1.o
 .bss.uxSchedulerSuspended
                0x0080032c        0x1 FreeRTOS/tasks.o
 .bss.xIdleTaskHandle
                0x0080032d        0x2 FreeRTOS/tasks.o
 .bss.xNextTaskUnblockTime
                0x0080032f        0x2 FreeRTOS/tasks.o
 .bss.uxTaskNumber
                0x00800331        0x1 FreeRTOS/tasks.o
 .bss.xNumOfOverflows
                0x00800332        0x1 FreeRTOS/tasks.o
 .bss.xYieldPending
                0x00800333        0x1 FreeRTOS/tasks.o
 .bss.xPendedTicks
                0x00800334        0x2 FreeRTOS/tasks.o
 .bss.xSchedulerRunning
                0x00800336        0x1 FreeRTOS/tasks.o
 .bss.uxTopReadyPriority
                0x00800337        0x1 FreeRTOS/tasks.o
 .bss.xTickCount
                0x00800338        0x2 FreeRTOS/tasks.o
 .bss.uxCurrentNumberOfTasks
                0x0080033a        0x1 FreeRTOS/tasks.o
 .bss.uxDeletedTasksWaitingCleanUp
                0x0080033b        0x1 FreeRTOS/tasks.o
 .bss.xTasksWaitingTermination
                0x0080033c        0x9 FreeRTOS/tasks.o
 .bss.xPendingReadyList
                0x00800345        0x9 FreeRTOS/tasks.o
 .bss.pxOverflowDelayedTaskList
                0x0080034e        0x2 FreeRTOS/tasks.o
 .bss.pxDelayedTaskList
                0x00800350        0x2 FreeRTOS/tasks.o
 .bss.xDelayedTaskList2
                0x00800352        0x9 FreeRTOS/tasks.o
 .bss.xDelayedTaskList1
                0x0080035b        0x9 FreeRTOS/tasks.o
 .bss.pxReadyTasksLists
                0x00800364       0x24 FreeRTOS/tasks.o
 .bss.pxCurrentTCB
                0x00800388        0x2 FreeRTOS/tasks.o
                0x00800388                pxCurrentTCB
 .bss.g_InputCaptureValue
                0x0080038a        0x2 HAL/Ultrasonic/ultrasonic.o
                0x0080038a                g_InputCaptureValue
 .bss.g_readingReady
                0x0080038c        0x1 HAL/Ultrasonic/ultrasonic.o
                0x0080038c                g_readingReady
 .bss.g_number_of_calling_call_back_function
                0x0080038d        0x1 HAL/Ultrasonic/ultrasonic.o
                0x0080038d                g_number_of_calling_call_back_function
 .bss.MyDistance
                0x0080038e        0x2 main.o
                0x0080038e                MyDistance
 .bss.Task_Uart_Handle
                0x00800390        0x2 main.o
                0x00800390                Task_Uart_Handle
 .bss.Task_SetACCAction
                0x00800392        0x2 main.o
                0x00800392                Task_SetACCAction
 .bss.Task_CheckEMB
                0x00800394        0x2 main.o
                0x00800394                Task_CheckEMB
 .bss.Task_GetState
                0x00800396        0x2 main.o
                0x00800396                Task_GetState
 .bss.local_u16counter.1652
                0x00800398        0x2 MCAL/T0/TMR0_Program.o
 .bss.local_u16counter.1646
                0x0080039a        0x2 MCAL/T0/TMR0_Program.o
 .bss.CTC_Counter
                0x0080039c        0x2 MCAL/T0/TMR0_Program.o
 .bss.CallbackFunCTC
                0x0080039e        0x2 MCAL/T0/TMR0_Program.o
 .bss.CallbackFunOVF
                0x008003a0        0x2 MCAL/T0/TMR0_Program.o
 .bss.local_u16counter.1646
                0x008003a2        0x2 MCAL/TC2/TMR2_Program.o
 .bss.CallbackFunCTC
                0x008003a4        0x2 MCAL/TC2/TMR2_Program.o
 .bss.CallbackFunOVF
                0x008003a6        0x2 MCAL/TC2/TMR2_Program.o
 .bss.Reception_complete_CallBack
                0x008003a8        0x2 MCAL/UART0/UART0_program.o
                0x008003a8                Reception_complete_CallBack
 .bss.Transmission_complete_CallBack
                0x008003aa        0x2 MCAL/UART0/UART0_program.o
                0x008003aa                Transmission_complete_CallBack
 *(COMMON)
 COMMON         0x008003ac        0x1 main.o
                0x008003ac                Flag
 COMMON         0x008003ad        0x2 MCAL/ICU/icu.o
                0x008003ad                callBack
 COMMON         0x008003af        0x1 MCAL/UART0/UART0_program.o
                0x008003af                g_u8ReceiveBuffer
                0x008003b0                PROVIDE (__bss_end, .)
                0x00001ff0                __data_load_start = LOADADDR (.data)
                0x00002024                __data_load_end = (__data_load_start + SIZEOF (.data))

.noinit         0x008003b0        0x0
                [!provide]                PROVIDE (__noinit_start, .)
 *(.noinit*)
                [!provide]                PROVIDE (__noinit_end, .)
                0x008003b0                _end = .
                [!provide]                PROVIDE (__heap_start, .)

.eeprom         0x00810000        0x0
 *(.eeprom*)
                0x00810000                __eeprom_end = .

.fuse
 *(.fuse)
 *(.lfuse)
 *(.hfuse)
 *(.efuse)

.lock
 *(.lock*)

.signature
 *(.signature*)

.user_signatures
 *(.user_signatures*)

.stab
 *(.stab)

.stabstr
 *(.stabstr)

.stab.excl
 *(.stab.excl)

.stab.exclstr
 *(.stab.exclstr)

.stab.index
 *(.stab.index)

.stab.indexstr
 *(.stab.indexstr)

.comment        0x00000000       0x30
 *(.comment)
 .comment       0x00000000       0x30 FreeRTOS/heap_1.o
                                 0x31 (size before relaxing)
 .comment       0x00000030       0x31 FreeRTOS/list.o
 .comment       0x00000030       0x31 FreeRTOS/port.o
 .comment       0x00000030       0x31 FreeRTOS/tasks.o
 .comment       0x00000030       0x31 HAL/L298N/L298N_Program.o
 .comment       0x00000030       0x31 HAL/Ultrasonic/ultrasonic.o
 .comment       0x00000030       0x31 main.o
 .comment       0x00000030       0x31 MCAL/DIO/DIO_Program.o
 .comment       0x00000030       0x31 MCAL/ICU/icu.o
 .comment       0x00000030       0x31 MCAL/T0/TMR0_Program.o
 .comment       0x00000030       0x31 MCAL/TC2/TMR2_Program.o
 .comment       0x00000030       0x31 MCAL/UART0/UART0_program.o

.note.gnu.avr.deviceinfo
                0x00000000       0x3c
 .note.gnu.avr.deviceinfo
                0x00000000       0x3c c:/program files (x86)/atmel/studio/7.0/toolchain/avr8/avr8-gnu-toolchain/bin/../lib/gcc/avr/5.4.0/../../../../avr/lib/avr51/crtatmega128.o

.note.gnu.build-id
 *(.note.gnu.build-id)

.debug
 *(.debug)

.line
 *(.line)

.debug_srcinfo
 *(.debug_srcinfo)

.debug_sfnames
 *(.debug_sfnames)

.debug_aranges  0x00000000      0x4c0
 *(.debug_aranges)
 .debug_aranges
                0x00000000       0x38 FreeRTOS/heap_1.o
 .debug_aranges
                0x00000038       0x40 FreeRTOS/list.o
 .debug_aranges
                0x00000078       0x50 FreeRTOS/port.o
 .debug_aranges
                0x000000c8      0x158 FreeRTOS/tasks.o
 .debug_aranges
                0x00000220       0x48 HAL/L298N/L298N_Program.o
 .debug_aranges
                0x00000268       0x40 HAL/Ultrasonic/ultrasonic.o
 .debug_aranges
                0x000002a8       0x50 main.o
 .debug_aranges
                0x000002f8       0x48 MCAL/DIO/DIO_Program.o
 .debug_aranges
                0x00000340       0x50 MCAL/ICU/icu.o
 .debug_aranges
                0x00000390       0x68 MCAL/T0/TMR0_Program.o
 .debug_aranges
                0x000003f8       0x68 MCAL/TC2/TMR2_Program.o
 .debug_aranges
                0x00000460       0x60 MCAL/UART0/UART0_program.o

.debug_pubnames
 *(.debug_pubnames)

.debug_info     0x00000000     0x4937
 *(.debug_info .gnu.linkonce.wi.*)
 .debug_info    0x00000000      0x780 c:/program files (x86)/atmel/studio/7.0/toolchain/avr8/avr8-gnu-toolchain/bin/../lib/gcc/avr/5.4.0/../../../../avr/lib/avr51/crtatmega128.o
 .debug_info    0x00000780      0x1a4 FreeRTOS/heap_1.o
 .debug_info    0x00000924      0x2d8 FreeRTOS/list.o
 .debug_info    0x00000bfc      0x24e FreeRTOS/port.o
 .debug_info    0x00000e4a     0x19a3 FreeRTOS/tasks.o
 .debug_info    0x000027ed      0x5ea HAL/L298N/L298N_Program.o
 .debug_info    0x00002dd7      0x419 HAL/Ultrasonic/ultrasonic.o
 .debug_info    0x000031f0      0xaa9 main.o
 .debug_info    0x00003c99      0x4d4 MCAL/DIO/DIO_Program.o
 .debug_info    0x0000416d      0x1cb MCAL/ICU/icu.o
 .debug_info    0x00004338      0x227 MCAL/T0/TMR0_Program.o
 .debug_info    0x0000455f      0x211 MCAL/TC2/TMR2_Program.o
 .debug_info    0x00004770      0x1c7 MCAL/UART0/UART0_program.o

.debug_abbrev   0x00000000     0x1561
 *(.debug_abbrev)
 .debug_abbrev  0x00000000      0x718 c:/program files (x86)/atmel/studio/7.0/toolchain/avr8/avr8-gnu-toolchain/bin/../lib/gcc/avr/5.4.0/../../../../avr/lib/avr51/crtatmega128.o
 .debug_abbrev  0x00000718      0x11c FreeRTOS/heap_1.o
 .debug_abbrev  0x00000834       0xff FreeRTOS/list.o
 .debug_abbrev  0x00000933      0x15d FreeRTOS/port.o
 .debug_abbrev  0x00000a90      0x28d FreeRTOS/tasks.o
 .debug_abbrev  0x00000d1d       0xbd HAL/L298N/L298N_Program.o
 .debug_abbrev  0x00000dda      0x118 HAL/Ultrasonic/ultrasonic.o
 .debug_abbrev  0x00000ef2      0x1f6 main.o
 .debug_abbrev  0x000010e8      0x121 MCAL/DIO/DIO_Program.o
 .debug_abbrev  0x00001209      0x10a MCAL/ICU/icu.o
 .debug_abbrev  0x00001313       0xbc MCAL/T0/TMR0_Program.o
 .debug_abbrev  0x000013cf       0xd4 MCAL/TC2/TMR2_Program.o
 .debug_abbrev  0x000014a3       0xbe MCAL/UART0/UART0_program.o

.debug_line     0x00000000     0x25d8
 *(.debug_line .debug_line.* .debug_line_end)
 .debug_line    0x00000000       0x1a c:/program files (x86)/atmel/studio/7.0/toolchain/avr8/avr8-gnu-toolchain/bin/../lib/gcc/avr/5.4.0/../../../../avr/lib/avr51/crtatmega128.o
 .debug_line    0x0000001a      0x1b4 FreeRTOS/heap_1.o
 .debug_line    0x000001ce      0x1d7 FreeRTOS/list.o
 .debug_line    0x000003a5      0x2a5 FreeRTOS/port.o
 .debug_line    0x0000064a      0xf5a FreeRTOS/tasks.o
 .debug_line    0x000015a4      0x215 HAL/L298N/L298N_Program.o
 .debug_line    0x000017b9      0x155 HAL/Ultrasonic/ultrasonic.o
 .debug_line    0x0000190e      0x3b1 main.o
 .debug_line    0x00001cbf      0x253 MCAL/DIO/DIO_Program.o
 .debug_line    0x00001f12      0x20a MCAL/ICU/icu.o
 .debug_line    0x0000211c      0x1a8 MCAL/T0/TMR0_Program.o
 .debug_line    0x000022c4      0x185 MCAL/TC2/TMR2_Program.o
 .debug_line    0x00002449      0x18f MCAL/UART0/UART0_program.o

.debug_frame    0x00000000      0xd8c
 *(.debug_frame)
 .debug_frame   0x00000000       0x60 FreeRTOS/heap_1.o
 .debug_frame   0x00000060       0x88 FreeRTOS/list.o
 .debug_frame   0x000000e8       0xcc FreeRTOS/port.o
 .debug_frame   0x000001b4      0x51c FreeRTOS/tasks.o
 .debug_frame   0x000006d0       0x74 HAL/L298N/L298N_Program.o
 .debug_frame   0x00000744       0x78 HAL/Ultrasonic/ultrasonic.o
 .debug_frame   0x000007bc       0xd4 main.o
 .debug_frame   0x00000890       0x74 MCAL/DIO/DIO_Program.o
 .debug_frame   0x00000904       0xcc MCAL/ICU/icu.o
 .debug_frame   0x000009d0      0x144 MCAL/T0/TMR0_Program.o
 .debug_frame   0x00000b14      0x144 MCAL/TC2/TMR2_Program.o
 .debug_frame   0x00000c58      0x134 MCAL/UART0/UART0_program.o

.debug_str      0x00000000     0x1a05
 *(.debug_str)
 .debug_str     0x00000000      0x27d c:/program files (x86)/atmel/studio/7.0/toolchain/avr8/avr8-gnu-toolchain/bin/../lib/gcc/avr/5.4.0/../../../../avr/lib/avr51/crtatmega128.o
 .debug_str     0x0000027d      0x1e0 FreeRTOS/heap_1.o
                                0x219 (size before relaxing)
 .debug_str     0x0000045d      0x147 FreeRTOS/list.o
                                0x2a8 (size before relaxing)
 .debug_str     0x000005a4      0x129 FreeRTOS/port.o
                                0x2a2 (size before relaxing)
 .debug_str     0x000006cd      0x8c8 FreeRTOS/tasks.o
                                0xc4b (size before relaxing)
 .debug_str     0x00000f95      0x2e1 HAL/L298N/L298N_Program.o
                                0x42e (size before relaxing)
 .debug_str     0x00001276      0x13a HAL/Ultrasonic/ultrasonic.o
                                0x449 (size before relaxing)
 .debug_str     0x000013b0      0x243 main.o
                                0x6f7 (size before relaxing)
 .debug_str     0x000015f3      0x11d MCAL/DIO/DIO_Program.o
                                0x40c (size before relaxing)
 .debug_str     0x00001710       0x4e MCAL/ICU/icu.o
                                0x231 (size before relaxing)
 .debug_str     0x0000175e      0x111 MCAL/T0/TMR0_Program.o
                                0x28e (size before relaxing)
 .debug_str     0x0000186f       0xdf MCAL/TC2/TMR2_Program.o
                                0x28e (size before relaxing)
 .debug_str     0x0000194e       0xb7 MCAL/UART0/UART0_program.o
                                0x272 (size before relaxing)

.debug_loc      0x00000000     0x33d0
 *(.debug_loc)
 .debug_loc     0x00000000      0x10f FreeRTOS/heap_1.o
 .debug_loc     0x0000010f      0x145 FreeRTOS/list.o
 .debug_loc     0x00000254      0x36b FreeRTOS/port.o
 .debug_loc     0x000005bf     0x1bf4 FreeRTOS/tasks.o
 .debug_loc     0x000021b3      0x11a HAL/L298N/L298N_Program.o
 .debug_loc     0x000022cd       0xb6 HAL/Ultrasonic/ultrasonic.o
 .debug_loc     0x00002383      0x254 main.o
 .debug_loc     0x000025d7      0x7b6 MCAL/DIO/DIO_Program.o
 .debug_loc     0x00002d8d      0x13f MCAL/ICU/icu.o
 .debug_loc     0x00002ecc      0x1b7 MCAL/T0/TMR0_Program.o
 .debug_loc     0x00003083      0x1b7 MCAL/TC2/TMR2_Program.o
 .debug_loc     0x0000323a      0x196 MCAL/UART0/UART0_program.o

.debug_macinfo
 *(.debug_macinfo)

.debug_weaknames
 *(.debug_weaknames)

.debug_funcnames
 *(.debug_funcnames)

.debug_typenames
 *(.debug_typenames)

.debug_varnames
 *(.debug_varnames)

.debug_pubtypes
 *(.debug_pubtypes)

.debug_ranges   0x00000000      0x420
 *(.debug_ranges)
 .debug_ranges  0x00000000       0x28 FreeRTOS/heap_1.o
 .debug_ranges  0x00000028       0x30 FreeRTOS/list.o
 .debug_ranges  0x00000058       0x40 FreeRTOS/port.o
 .debug_ranges  0x00000098      0x168 FreeRTOS/tasks.o
 .debug_ranges  0x00000200       0x38 HAL/L298N/L298N_Program.o
 .debug_ranges  0x00000238       0x30 HAL/Ultrasonic/ultrasonic.o
 .debug_ranges  0x00000268       0x40 main.o
 .debug_ranges  0x000002a8       0x38 MCAL/DIO/DIO_Program.o
 .debug_ranges  0x000002e0       0x40 MCAL/ICU/icu.o
 .debug_ranges  0x00000320       0x58 MCAL/T0/TMR0_Program.o
 .debug_ranges  0x00000378       0x58 MCAL/TC2/TMR2_Program.o
 .debug_ranges  0x000003d0       0x50 MCAL/UART0/UART0_program.o

.debug_macro
 *(.debug_macro)
OUTPUT(ACC.elf elf32-avr)
LOAD linker stubs
